[08:36:59.579] [INFO] storybook v10.3.5
[08:37:00.047] [DEBUG] Getting package.json info for /Users/akagiri/Documents/_private/github/tankapic/package.json...
[08:37:00.174] [ERROR] [38;2;241;97;97mSB_CORE-SERVER_0002 (CriticalPresetLoadError): Storybook failed to load the following preset: @storybook/nextjs-vite/preset.

Please check whether your setup is correct, the Storybook dependencies (and their peer dependencies) are installed correctly and there are no package version clashes.

If you believe this is a bug, please open an issue on Github.

Error: Cannot find module @rollup/rollup-darwin-arm64. npm has a bug related to optional dependencies (https://github.com/npm/cli/issues/4828). Please try `npm i` again after removing both package-lock.json and node_modules directory.
    at requireWithFriendlyError (./node_modules/rollup/dist/native.js:115:9)
    at Object.<anonymous> (./node_modules/rollup/dist/native.js:124:76)
    at Module._compile (node:internal/modules/cjs/loader:1854:14)
    at Object..js (node:internal/modules/cjs/loader:1985:10)
    at Module.load (node:internal/modules/cjs/loader:1577:32)
    at Module._load (node:internal/modules/cjs/loader:1379:12)
    at wrapModuleLoad (node:internal/modules/cjs/loader:255:19)
    at loadCJSModuleWithModuleLoad (node:internal/modules/esm/translators:326:3)
    at ModuleWrap.<anonymous> (node:internal/modules/esm/translators:231:7)
    at ModuleJobSync.runSync (node:internal/modules/esm/module_job:543:37)

More info: 
[39m
    at loadPreset (file://./node_modules/storybook/dist/_node-chunks/chunk-GOY6UMCB.js:10081:13)
    at async Promise.all (index 0)
    at async loadPresets (file://./node_modules/storybook/dist/_node-chunks/chunk-GOY6UMCB.js:10090:73)
    at async getPresets (file://./node_modules/storybook/dist/_node-chunks/chunk-GOY6UMCB.js:10121:23)
    at async buildDevStandalone (file://./node_modules/storybook/dist/core-server/index.js:7967:52)
    at async withTelemetry (file://./node_modules/storybook/dist/_node-chunks/chunk-FIR43JGQ.js:225:12)
    at async dev (file://./node_modules/storybook/dist/bin/core.js:2736:3)
    at async _Command.<anonymous> (file://./node_modules/storybook/dist/bin/core.js:2806:92)
[08:37:00.179] [WARN] Broken build, fix the error above.
You may need to refresh the browser.